Archive member included to satisfy reference by file (symbol)

/Applications/STM32CubeIDE.app/Contents/Eclipse/plugins/com.st.stm32cube.ide.mcu.externaltools.gnu-tools-for-stm32.11.3.rel1.macos64_1.1.1.202309131626/tools/bin/../lib/gcc/arm-none-eabi/11.3.1/../../../../arm-none-eabi/lib/thumb/v7e-m+fp/hard/libc_nano.a(libc_a-exit.o)
                              /Applications/STM32CubeIDE.app/Contents/Eclipse/plugins/com.st.stm32cube.ide.mcu.externaltools.gnu-tools-for-stm32.11.3.rel1.macos64_1.1.1.202309131626/tools/bin/../lib/gcc/arm-none-eabi/11.3.1/../../../../arm-none-eabi/lib/thumb/v7e-m+fp/hard/crt0.o (exit)
/Applications/STM32CubeIDE.app/Contents/Eclipse/plugins/com.st.stm32cube.ide.mcu.externaltools.gnu-tools-for-stm32.11.3.rel1.macos64_1.1.1.202309131626/tools/bin/../lib/gcc/arm-none-eabi/11.3.1/../../../../arm-none-eabi/lib/thumb/v7e-m+fp/hard/libc_nano.a(libc_a-snprintf.o)
                              ./Core/Src/main.o (snprintf)
/Applications/STM32CubeIDE.app/Contents/Eclipse/plugins/com.st.stm32cube.ide.mcu.externaltools.gnu-tools-for-stm32.11.3.rel1.macos64_1.1.1.202309131626/tools/bin/../lib/gcc/arm-none-eabi/11.3.1/../../../../arm-none-eabi/lib/thumb/v7e-m+fp/hard/libc_nano.a(libc_a-findfp.o)
                              /Applications/STM32CubeIDE.app/Contents/Eclipse/plugins/com.st.stm32cube.ide.mcu.externaltools.gnu-tools-for-stm32.11.3.rel1.macos64_1.1.1.202309131626/tools/bin/../lib/gcc/arm-none-eabi/11.3.1/../../../../arm-none-eabi/lib/thumb/v7e-m+fp/hard/libc_nano.a(libc_a-exit.o) (__stdio_exit_handler)
/Applications/STM32CubeIDE.app/Contents/Eclipse/plugins/com.st.stm32cube.ide.mcu.externaltools.gnu-tools-for-stm32.11.3.rel1.macos64_1.1.1.202309131626/tools/bin/../lib/gcc/arm-none-eabi/11.3.1/../../../../arm-none-eabi/lib/thumb/v7e-m+fp/hard/libc_nano.a(libc_a-fwalk.o)
                              /Applications/STM32CubeIDE.app/Contents/Eclipse/plugins/com.st.stm32cube.ide.mcu.externaltools.gnu-tools-for-stm32.11.3.rel1.macos64_1.1.1.202309131626/tools/bin/../lib/gcc/arm-none-eabi/11.3.1/../../../../arm-none-eabi/lib/thumb/v7e-m+fp/hard/libc_nano.a(libc_a-findfp.o) (_fwalk_sglue)
/Applications/STM32CubeIDE.app/Contents/Eclipse/plugins/com.st.stm32cube.ide.mcu.externaltools.gnu-tools-for-stm32.11.3.rel1.macos64_1.1.1.202309131626/tools/bin/../lib/gcc/arm-none-eabi/11.3.1/../../../../arm-none-eabi/lib/thumb/v7e-m+fp/hard/libc_nano.a(libc_a-memset.o)
                              /Applications/STM32CubeIDE.app/Contents/Eclipse/plugins/com.st.stm32cube.ide.mcu.externaltools.gnu-tools-for-stm32.11.3.rel1.macos64_1.1.1.202309131626/tools/bin/../lib/gcc/arm-none-eabi/11.3.1/../../../../arm-none-eabi/lib/thumb/v7e-m+fp/hard/crt0.o (memset)
/Applications/STM32CubeIDE.app/Contents/Eclipse/plugins/com.st.stm32cube.ide.mcu.externaltools.gnu-tools-for-stm32.11.3.rel1.macos64_1.1.1.202309131626/tools/bin/../lib/gcc/arm-none-eabi/11.3.1/../../../../arm-none-eabi/lib/thumb/v7e-m+fp/hard/libc_nano.a(libc_a-impure.o)
                              /Applications/STM32CubeIDE.app/Contents/Eclipse/plugins/com.st.stm32cube.ide.mcu.externaltools.gnu-tools-for-stm32.11.3.rel1.macos64_1.1.1.202309131626/tools/bin/../lib/gcc/arm-none-eabi/11.3.1/../../../../arm-none-eabi/lib/thumb/v7e-m+fp/hard/libc_nano.a(libc_a-snprintf.o) (_impure_ptr)
/Applications/STM32CubeIDE.app/Contents/Eclipse/plugins/com.st.stm32cube.ide.mcu.externaltools.gnu-tools-for-stm32.11.3.rel1.macos64_1.1.1.202309131626/tools/bin/../lib/gcc/arm-none-eabi/11.3.1/../../../../arm-none-eabi/lib/thumb/v7e-m+fp/hard/libc_nano.a(libc_a-errno.o)
                              ./Core/Src/syscalls.o (__errno)
/Applications/STM32CubeIDE.app/Contents/Eclipse/plugins/com.st.stm32cube.ide.mcu.externaltools.gnu-tools-for-stm32.11.3.rel1.macos64_1.1.1.202309131626/tools/bin/../lib/gcc/arm-none-eabi/11.3.1/../../../../arm-none-eabi/lib/thumb/v7e-m+fp/hard/libc_nano.a(libc_a-init.o)
                              /Applications/STM32CubeIDE.app/Contents/Eclipse/plugins/com.st.stm32cube.ide.mcu.externaltools.gnu-tools-for-stm32.11.3.rel1.macos64_1.1.1.202309131626/tools/bin/../lib/gcc/arm-none-eabi/11.3.1/../../../../arm-none-eabi/lib/thumb/v7e-m+fp/hard/crt0.o (__libc_init_array)
/Applications/STM32CubeIDE.app/Contents/Eclipse/plugins/com.st.stm32cube.ide.mcu.externaltools.gnu-tools-for-stm32.11.3.rel1.macos64_1.1.1.202309131626/tools/bin/../lib/gcc/arm-none-eabi/11.3.1/../../../../arm-none-eabi/lib/thumb/v7e-m+fp/hard/libc_nano.a(libc_a-lock.o)
                              /Applications/STM32CubeIDE.app/Contents/Eclipse/plugins/com.st.stm32cube.ide.mcu.externaltools.gnu-tools-for-stm32.11.3.rel1.macos64_1.1.1.202309131626/tools/bin/../lib/gcc/arm-none-eabi/11.3.1/../../../../arm-none-eabi/lib/thumb/v7e-m+fp/hard/libc_nano.a(libc_a-findfp.o) (__retarget_lock_init_recursive)
[...]
Memory Configuration

Name             Origin             Length             Attributes
RAM              0x0000000020000000 0x0000000000018000 xrw
RAM2             0x0000000010000000 0x0000000000008000 xrw
FLASH            0x0000000008000000 0x0000000000100000 xr
*default*        0x0000000000000000 0xffffffffffffffff

Linker script and memory map

LOAD /Applications/STM32CubeIDE.app/Contents/Eclipse/plugins/com.st.stm32cube.ide.mcu.externaltools.gnu-tools-for-stm32.11.3.rel1.macos64_1.1.1.202309131626/tools/bin/../lib/gcc/arm-none-eabi/11.3.1/thumb/v7e-m+fp/hard/crti.o
LOAD /Applications/STM32CubeIDE.app/Contents/Eclipse/plugins/com.st.stm32cube.ide.mcu.externaltools.gnu-tools-for-stm32.11.3.rel1.macos64_1.1.1.202309131626/tools/bin/../lib/gcc/arm-none-eabi/11.3.1/thumb/v7e-m+fp/hard/crtbegin.o
LOAD /Applications/STM32CubeIDE.app/Contents/Eclipse/plugins/com.st.stm32cube.ide.mcu.externaltools.gnu-tools-for-stm32.11.3.rel1.macos64_1.1.1.202309131626/tools/bin/../lib/gcc/arm-none-eabi/11.3.1/../../../../arm-none-eabi/lib/thumb/v7e-m+fp/hard/crt0.o
LOAD ./Core/Src/main.o
LOAD ./Core/Src/stm32l4xx_hal_msp.o
LOAD ./Core/Src/stm32l4xx_it.o
LOAD ./Core/Src/syscalls.o
LOAD ./Core/Src/sysmem.o
LOAD ./Core/Src/system_stm32l4xx.o
LOAD ./Core/Startup/startup_stm32l476rgtx.o
LOAD ./Drivers/STM32L4xx_HAL_Driver/Src/stm32l4xx_hal.o
LOAD ./Drivers/STM32L4xx_HAL_Driver/Src/stm32l4xx_hal_cortex.o
LOAD ./Drivers/STM32L4xx_HAL_Driver/Src/stm32l4xx_hal_dma.o
LOAD ./Drivers/STM32L4xx_HAL_Driver/Src/stm32l4xx_hal_dma_ex.o
LOAD ./Drivers/STM32L4xx_HAL_Driver/Src/stm32l4xx_hal_exti.o
LOAD ./Drivers/STM32L4xx_HAL_Driver/Src/stm32l4xx_hal_flash.o
LOAD ./Drivers/STM32L4xx_HAL_Driver/Src/stm32l4xx_hal_flash_ex.o
LOAD ./Drivers/STM32L4xx_HAL_Driver/Src/stm32l4xx_hal_flash_ramfunc.o
LOAD ./Drivers/STM32L4xx_HAL_Driver/Src/stm32l4xx_hal_gpio.o
LOAD ./Drivers/STM32L4xx_HAL_Driver/Src/stm32l4xx_hal_pwr.o
LOAD ./Drivers/STM32L4xx_HAL_Driver/Src/stm32l4xx_hal_pwr_ex.o
LOAD ./Drivers/STM32L4xx_HAL_Driver/Src/stm32l4xx_hal_rcc.o
LOAD ./Drivers/STM32L4xx_HAL_Driver/Src/stm32l4xx_hal_rcc_ex.o
LOAD ./Drivers/STM32L4xx_HAL_Driver/Src/stm32l4xx_hal_tim.o
LOAD ./Drivers/STM32L4xx_HAL_Driver/Src/stm32l4xx_hal_tim_ex.o
LOAD ./Drivers/STM32L4xx_HAL_Driver/Src/stm32l4xx_hal_uart.o
LOAD ./Drivers/STM32L4xx_HAL_Driver/Src/stm32l4xx_hal_uart_ex.o
START GROUP
LOAD /Applications/STM32CubeIDE.app/Contents/Eclipse/plugins/com.st.stm32cube.ide.mcu.externaltools.gnu-tools-for-stm32.11.3.rel1.macos64_1.1.1.202309131626/tools/bin/../lib/gcc/arm-none-eabi/11.3.1/../../../../arm-none-eabi/lib/thumb/v7e-m+fp/hard/libc_nano.a
LOAD /Applications/STM32CubeIDE.app/Contents/Eclipse/plugins/com.st.stm32cube.ide.mcu.externaltools.gnu-tools-for-stm32.11.3.rel1.macos64_1.1.1.202309131626/tools/bin/../lib/gcc/arm-none-eabi/11.3.1/../../../../arm-none-eabi/lib/thumb/v7e-m+fp/hard/libm.a
END GROUP
START GROUP
LOAD /Applications/STM32CubeIDE.app/Contents/Eclipse/plugins/com.st.stm32cube.ide.mcu.externaltools.gnu-tools-for-stm32.11.3.rel1.macos64_1.1.1.202309131626/tools/bin/../lib/gcc/arm-none-eabi/11.3.1/thumb/v7e-m+fp/hard/libgcc.a
LOAD /Applications/STM32CubeIDE.app/Contents/Eclipse/plugins/com.st.stm32cube.ide.mcu.externaltools.gnu-tools-for-stm32.11.3.rel1.macos64_1.1.1.202309131626/tools/bin/../lib/gcc/arm-none-eabi/11.3.1/../../../../arm-none-eabi/lib/thumb/v7e-m+fp/hard/libc_nano.a
END GROUP
START GROUP
LOAD /Applications/STM32CubeIDE.app/Contents/Eclipse/plugins/com.st.stm32cube.ide.mcu.externaltools.gnu-tools-for-stm32.11.3.rel1.macos64_1.1.1.202309131626/tools/bin/../lib/gcc/arm-none-eabi/11.3.1/thumb/v7e-m+fp/hard/libgcc.a
LOAD /Applications/STM32CubeIDE.app/Contents/Eclipse/plugins/com.st.stm32cube.ide.mcu.externaltools.gnu-tools-for-stm32.11.3.rel1.macos64_1.1.1.202309131626/tools/bin/../lib/gcc/arm-none-eabi/11.3.1/../../../../arm-none-eabi/lib/thumb/v7e-m+fp/hard/libc_nano.a
LOAD /Applications/STM32CubeIDE.app/Contents/Eclipse/plugins/com.st.stm32cube.ide.mcu.externaltools.gnu-tools-for-stm32.11.3.rel1.macos64_1.1.1.202309131626/tools/bin/../lib/gcc/arm-none-eabi/11.3.1/../../../../arm-none-eabi/lib/thumb/v7e-m+fp/hard/libnosys.a
END GROUP
START GROUP
LOAD /Applications/STM32CubeIDE.app/Contents/Eclipse/plugins/com.st.stm32cube.ide.mcu.externaltools.gnu-tools-for-stm32.11.3.rel1.macos64_1.1.1.202309131626/tools/bin/../lib/gcc/arm-none-eabi/11.3.1/thumb/v7e-m+fp/hard/libgcc.a
LOAD /Applications/STM32CubeIDE.app/Contents/Eclipse/plugins/com.st.stm32cube.ide.mcu.externaltools.gnu-tools-for-stm32.11.3.rel1.macos64_1.1.1.202309131626/tools/bin/../lib/gcc/arm-none-eabi/11.3.1/../../../../arm-none-eabi/lib/thumb/v7e-m+fp/hard/libc_nano.a
LOAD /Applications/STM32CubeIDE.app/Contents/Eclipse/plugins/com.st.stm32cube.ide.mcu.externaltools.gnu-tools-for-stm32.11.3.rel1.macos64_1.1.1.202309131626/tools/bin/../lib/gcc/arm-none-eabi/11.3.1/../../../../arm-none-eabi/lib/thumb/v7e-m+fp/hard/libnosys.a
END GROUP
LOAD /Applications/STM32CubeIDE.app/Contents/Eclipse/plugins/com.st.stm32cube.ide.mcu.externaltools.gnu-tools-for-stm32.11.3.rel1.macos64_1.1.1.202309131626/tools/bin/../lib/gcc/arm-none-eabi/11.3.1/thumb/v7e-m+fp/hard/crtend.o
LOAD /Applications/STM32CubeIDE.app/Contents/Eclipse/plugins/com.st.stm32cube.ide.mcu.externaltools.gnu-tools-for-stm32.11.3.rel1.macos64_1.1.1.202309131626/tools/bin/../lib/gcc/arm-none-eabi/11.3.1/thumb/v7e-m+fp/hard/crtn.o
                0x0000000020018000                _estack = (ORIGIN (RAM) + LENGTH (RAM))
                0x0000000000000200                _Min_Heap_Size = 0x200
                0x0000000000000400                _Min_Stack_Size = 0x400

.isr_vector     0x0000000008000000      0x188
                0x0000000008000000                . = ALIGN (0x4)
 *(.isr_vector)
 .isr_vector    0x0000000008000000      0x188 ./Core/Startup/startup_stm32l476rgtx.o
                0x0000000008000000                g_pfnVectors
                0x0000000008000188                . = ALIGN (0x4)

.text           0x0000000008000190     0x1630
                0x0000000008000190                . = ALIGN (0x4)
 *(.text)
 .text          0x0000000008000190       0x40 /Applications/STM32CubeIDE.app/Contents/Eclipse/plugins/com.st.stm32cube.ide.mcu.externaltools.gnu-tools-for-stm32.11.3.rel1.macos64_1.1.1.202309131626/tools/bin/../lib/gcc/arm-none-eabi/11.3.1/thumb/v7e-m+fp/hard/crtbegin.o
 .text          0x00000000080001d0       0xa0 /Applications/STM32CubeIDE.app/Contents/Eclipse/plugins/com.st.stm32cube.ide.mcu.externaltools.gnu-tools-for-stm32.11.3.rel1.macos64_1.1.1.202309131626/tools/bin/../lib/gcc/arm-none-eabi/11.3.1/../../../../arm-none-eabi/lib/thumb/v7e-m+fp/hard/libc_nano.a(libc_a-memchr.o)
                0x00000000080001d0                memchr
 *(.text*)
 .text.USART_init
                0x0000000008000270       0xcc ./Core/Src/main.o
                0x0000000008000270                USART_init
 .text.USART_Print
                0x000000000800033c       0x50 ./Core/Src/main.o
                0x000000000800033c                USART_Print
 .text.USART_Escape_Code
                0x000000000800038c       0x30 ./Core/Src/main.o
                0x000000000800038c                USART_Escape_Code
 .text.USART2_IRQHandler
                0x00000000080003bc       0x2c ./Core/Src/main.o
                0x00000000080003bc                USART2_IRQHandler
 .text.main     0x00000000080003e8       0xf0 ./Core/Src/main.o
                0x00000000080003e8                main
 .text.USART_print_int
                0x00000000080004d8       0x26 ./Core/Src/main.o
                0x00000000080004d8                USART_print_int
 *fill*         0x00000000080004fe        0x2 
 .text.int_to_str
                0x0000000008000500       0x24 ./Core/Src/main.o
                0x0000000008000500                int_to_str
 .text.PA9_LED_init
                0x0000000008000524       0x50 ./Core/Src/main.o
                0x0000000008000524                PA9_LED_init
 .text.PA8_LED_init
                0x0000000008000574       0x50 ./Core/Src/main.o
                0x0000000008000574                PA8_LED_init
 .text.get_point
                0x00000000080005c4       0xb4 ./Core/Src/main.o
                0x00000000080005c4                get_point
 .text.read_coordinate
                0x0000000008000678       0x4e ./Core/Src/main.o
                0x0000000008000678                read_coordinate
 *fill*         0x00000000080006c6        0x2 
 .text.TSC_conversion
                0x00000000080006c8       0x94 ./Core/Src/main.o
                0x00000000080006c8                TSC_conversion
 .text.read_byte
                0x000000000800075c       0x44 ./Core/Src/main.o
                0x000000000800075c                read_byte
 .text.write_byte
                0x00000000080007a0       0x30 ./Core/Src/main.o
                0x00000000080007a0                write_byte
 .text.EXTI0_IRQHandler
                0x00000000080007d0       0x34 ./Core/Src/main.o
                0x00000000080007d0                EXTI0_IRQHandler
 .text.TSC_EXTI_interrupt_init
                0x0000000008000804       0x7c ./Core/Src/main.o
                0x0000000008000804                TSC_EXTI_interrupt_init
 .text.enable_NVIC_interrupt
                0x0000000008000880       0x38 ./Core/Src/main.o
                0x0000000008000880                enable_NVIC_interrupt
 .text.disable_NVIC_interrupt
                0x00000000080008b8       0x40 ./Core/Src/main.o
                0x00000000080008b8                disable_NVIC_interrupt
 .text.TSC_init
                0x00000000080008f8       0xc4 ./Core/Src/main.o
                0x00000000080008f8                TSC_init
 .text.HAL_MspInit
                0x00000000080009bc       0x48 ./Core/Src/stm32l4xx_hal_msp.o
                0x00000000080009bc                HAL_MspInit
 .text.NMI_Handler
                0x0000000008000a04        0x6 ./Core/Src/stm32l4xx_it.o
                0x0000000008000a04                NMI_Handler
 .text.HardFault_Handler
                0x0000000008000a0a        0x6 ./Core/Src/stm32l4xx_it.o
                0x0000000008000a0a                HardFault_Handler
 .text.MemManage_Handler
                0x0000000008000a10        0x6 ./Core/Src/stm32l4xx_it.o
                0x0000000008000a10                MemManage_Handler
 .text.BusFault_Handler
                0x0000000008000a16        0x6 ./Core/Src/stm32l4xx_it.o
                0x0000000008000a16                BusFault_Handler
 .text.UsageFault_Handler
                0x0000000008000a1c        0x6 ./Core/Src/stm32l4xx_it.o
                0x0000000008000a1c                UsageFault_Handler
 .text.SVC_Handler
                0x0000000008000a22        0xe ./Core/Src/stm32l4xx_it.o
                0x0000000008000a22                SVC_Handler
 .text.DebugMon_Handler
                0x0000000008000a30        0xe ./Core/Src/stm32l4xx_it.o
                0x0000000008000a30                DebugMon_Handler
 .text.PendSV_Handler
                0x0000000008000a3e        0xe ./Core/Src/stm32l4xx_it.o
                0x0000000008000a3e                PendSV_Handler
 .text.SysTick_Handler
                0x0000000008000a4c        0xc ./Core/Src/stm32l4xx_it.o
                0x0000000008000a4c                SysTick_Handler
 .text._sbrk    0x0000000008000a58       0x6c ./Core/Src/sysmem.o
                0x0000000008000a58                _sbrk
 .text.SystemInit
                0x0000000008000ac4       0x24 ./Core/Src/system_stm32l4xx.o
                0x0000000008000ac4                SystemInit
 .text.Reset_Handler
                0x0000000008000ae8       0x50 ./Core/Startup/startup_stm32l476rgtx.o
                0x0000000008000ae8                Reset_Handler
 .text.Default_Handler
                0x0000000008000b38        0x2 ./Core/Startup/startup_stm32l476rgtx.o
                0x0000000008000b38                TIM1_BRK_TIM15_IRQHandler
                0x0000000008000b38                EXTI2_IRQHandler
                0x0000000008000b38                TIM8_TRG_COM_IRQHandler
                0x0000000008000b38                TIM8_CC_IRQHandler
                0x0000000008000b38                TIM1_CC_IRQHandler
                0x0000000008000b38                TSC_IRQHandler
                0x0000000008000b38                TAMP_STAMP_IRQHandler
                0x0000000008000b38                EXTI3_IRQHandler
                0x0000000008000b38                LPTIM2_IRQHandler
                0x0000000008000b38                DFSDM1_FLT1_IRQHandler
                0x0000000008000b38                I2C3_ER_IRQHandler
                0x0000000008000b38                DFSDM1_FLT2_IRQHandler
                0x0000000008000b38                I2C2_EV_IRQHandler
                0x0000000008000b38                CAN1_RX0_IRQHandler
                0x0000000008000b38                FPU_IRQHandler
                0x0000000008000b38                TIM1_UP_TIM16_IRQHandler
                0x0000000008000b38                ADC1_2_IRQHandler
                0x0000000008000b38                SPI1_IRQHandler
                0x0000000008000b38                TIM6_DAC_IRQHandler
                0x0000000008000b38                TIM8_UP_IRQHandler
                0x0000000008000b38                DMA2_Channel2_IRQHandler
                0x0000000008000b38                DMA1_Channel4_IRQHandler
                0x0000000008000b38                SAI2_IRQHandler
                0x0000000008000b38                DFSDM1_FLT3_IRQHandler
                0x0000000008000b38                USART3_IRQHandler
                0x0000000008000b38                DMA1_Channel7_IRQHandler
                0x0000000008000b38                CAN1_RX1_IRQHandler
                0x0000000008000b38                LCD_IRQHandler
                0x0000000008000b38                UART5_IRQHandler
                0x0000000008000b38                ADC3_IRQHandler
                0x0000000008000b38                TIM4_IRQHandler
                0x0000000008000b38                DMA2_Channel1_IRQHandler
                0x0000000008000b38                QUADSPI_IRQHandler
                0x0000000008000b38                I2C1_EV_IRQHandler
                0x0000000008000b38                DMA1_Channel6_IRQHandler
                0x0000000008000b38                UART4_IRQHandler
                0x0000000008000b38                DMA2_Channel4_IRQHandler
                0x0000000008000b38                TIM3_IRQHandler
                0x0000000008000b38                RCC_IRQHandler
                0x0000000008000b38                DMA1_Channel1_IRQHandler
                0x0000000008000b38                Default_Handler
                0x0000000008000b38                DMA2_Channel7_IRQHandler
                0x0000000008000b38                EXTI15_10_IRQHandler
                0x0000000008000b38                TIM7_IRQHandler
                0x0000000008000b38                SDMMC1_IRQHandler
                0x0000000008000b38                TIM5_IRQHandler
                0x0000000008000b38                I2C3_EV_IRQHandler
                0x0000000008000b38                EXTI9_5_IRQHandler
                0x0000000008000b38                RTC_WKUP_IRQHandler
                0x0000000008000b38                PVD_PVM_IRQHandler
                0x0000000008000b38                SPI2_IRQHandler
                0x0000000008000b38                CAN1_TX_IRQHandler
                0x0000000008000b38                DMA2_Channel5_IRQHandler
                0x0000000008000b38                DMA1_Channel5_IRQHandler
                0x0000000008000b38                EXTI4_IRQHandler
                0x0000000008000b38                RNG_IRQHandler
                0x0000000008000b38                TIM1_TRG_COM_TIM17_IRQHandler
                0x0000000008000b38                DMA1_Channel3_IRQHandler
                0x0000000008000b38                COMP_IRQHandler
                0x0000000008000b38                WWDG_IRQHandler
                0x0000000008000b38                LPUART1_IRQHandler
                0x0000000008000b38                DMA2_Channel6_IRQHandler
                0x0000000008000b38                TIM2_IRQHandler
                0x0000000008000b38                EXTI1_IRQHandler
                0x0000000008000b38                DFSDM1_FLT0_IRQHandler
                0x0000000008000b38                I2C2_ER_IRQHandler
                0x0000000008000b38                DMA1_Channel2_IRQHandler
                0x0000000008000b38                TIM8_BRK_IRQHandler
                0x0000000008000b38                CAN1_SCE_IRQHandler
                0x0000000008000b38                FLASH_IRQHandler
                0x0000000008000b38                USART1_IRQHandler
                0x0000000008000b38                OTG_FS_IRQHandler
                0x0000000008000b38                SPI3_IRQHandler
                0x0000000008000b38                I2C1_ER_IRQHandler
                0x0000000008000b38                FMC_IRQHandler
                0x0000000008000b38                SWPMI1_IRQHandler
                0x0000000008000b38                LPTIM1_IRQHandler
                0x0000000008000b38                SAI1_IRQHandler
                0x0000000008000b38                DMA2_Channel3_IRQHandler
                0x0000000008000b38                RTC_Alarm_IRQHandler
 *fill*         0x0000000008000b3a        0x2 
 .text.HAL_Init
                0x0000000008000b3c       0x40 ./Drivers/STM32L4xx_HAL_Driver/Src/stm32l4xx_hal.o
                0x0000000008000b3c                HAL_Init
 .text.HAL_InitTick
                0x0000000008000b7c       0x78 ./Drivers/STM32L4xx_HAL_Driver/Src/stm32l4xx_hal.o
                0x0000000008000b7c                HAL_InitTick
 .text.HAL_IncTick
                0x0000000008000bf4       0x28 ./Drivers/STM32L4xx_HAL_Driver/Src/stm32l4xx_hal.o
                0x0000000008000bf4                HAL_IncTick
 .text.HAL_GetTick
                0x0000000008000c1c       0x18 ./Drivers/STM32L4xx_HAL_Driver/Src/stm32l4xx_hal.o
                0x0000000008000c1c                HAL_GetTick
 .text.HAL_Delay
                0x0000000008000c34       0x48 ./Drivers/STM32L4xx_HAL_Driver/Src/stm32l4xx_hal.o
                0x0000000008000c34                HAL_Delay
 .text.__NVIC_SetPriorityGrouping
                0x0000000008000c7c       0x48 ./Drivers/STM32L4xx_HAL_Driver/Src/stm32l4xx_hal_cortex.o
 .text.__NVIC_GetPriorityGrouping
                0x0000000008000cc4       0x1c ./Drivers/STM32L4xx_HAL_Driver/Src/stm32l4xx_hal_cortex.o
 .text.__NVIC_SetPriority
                0x0000000008000ce0       0x54 ./Drivers/STM32L4xx_HAL_Driver/Src/stm32l4xx_hal_cortex.o
 .text.NVIC_EncodePriority
                0x0000000008000d34       0x66 ./Drivers/STM32L4xx_HAL_Driver/Src/stm32l4xx_hal_cortex.o
 *fill*         0x0000000008000d9a        0x2 
 .text.SysTick_Config
                0x0000000008000d9c       0x44 ./Drivers/STM32L4xx_HAL_Driver/Src/stm32l4xx_hal_cortex.o
 .text.HAL_NVIC_SetPriorityGrouping
                0x0000000008000de0       0x16 ./Drivers/STM32L4xx_HAL_Driver/Src/stm32l4xx_hal_cortex.o
                0x0000000008000de0                HAL_NVIC_SetPriorityGrouping
 .text.HAL_NVIC_SetPriority
                0x0000000008000df6       0x38 ./Drivers/STM32L4xx_HAL_Driver/Src/stm32l4xx_hal_cortex.o
                0x0000000008000df6                HAL_NVIC_SetPriority
 .text.HAL_SYSTICK_Config
                0x0000000008000e2e       0x18 ./Drivers/STM32L4xx_HAL_Driver/Src/stm32l4xx_hal_cortex.o
                0x0000000008000e2e                HAL_SYSTICK_Config
 *fill*         0x0000000008000e46        0x2 
 .text.snprintf
                0x0000000008000e48       0x68 /Applications/STM32CubeIDE.app/Contents/Eclipse/plugins/com.st.stm32cube.ide.mcu.externaltools.gnu-tools-for-stm32.11.3.rel1.macos64_1.1.1.202309131626/tools/bin/../lib/gcc/arm-none-eabi/11.3.1/../../../../arm-none-eabi/lib/thumb/v7e-m+fp/hard/libc_nano.a(libc_a-snprintf.o)
                0x0000000008000e48                snprintf
                0x0000000008000e48                sniprintf
 .text.__errno  0x0000000008000eb0        0xc /Applications/STM32CubeIDE.app/Contents/Eclipse/plugins/com.st.stm32cube.ide.mcu.externaltools.gnu-tools-for-stm32.11.3.rel1.macos64_1.1.1.202309131626/tools/bin/../lib/gcc/arm-none-eabi/11.3.1/../../../../arm-none-eabi/lib/thumb/v7e-m+fp/hard/libc_nano.a(libc_a-errno.o)
                0x0000000008000eb0                __errno
 .text.__libc_init_array
                0x0000000008000ebc       0x48 /Applications/STM32CubeIDE.app/Contents/Eclipse/plugins/com.st.stm32cube.ide.mcu.externaltools.gnu-tools-for-stm32.11.3.rel1.macos64_1.1.1.202309131626/tools/bin/../lib/gcc/arm-none-eabi/11.3.1/../../../../arm-none-eabi/lib/thumb/v7e-m+fp/hard/libc_nano.a(libc_a-init.o)
                0x0000000008000ebc                __libc_init_array
 .text.__retarget_lock_acquire_recursive
                0x0000000008000f04        0x2 /Applications/STM32CubeIDE.app/Contents/Eclipse/plugins/com.st.stm32cube.ide.mcu.externaltools.gnu-tools-for-stm32.11.3.rel1.macos64_1.1.1.202309131626/tools/bin/../lib/gcc/arm-none-eabi/11.3.1/../../../../arm-none-eabi/lib/thumb/v7e-m+fp/hard/libc_nano.a(libc_a-lock.o)
                0x0000000008000f04                __retarget_lock_acquire_recursive
 .text.__retarget_lock_release_recursive
                0x0000000008000f06        0x2 /Applications/STM32CubeIDE.app/Contents/Eclipse/plugins/com.st.stm32cube.ide.mcu.externaltools.gnu-tools-for-stm32.11.3.rel1.macos64_1.1.1.202309131626/tools/bin/../lib/gcc/arm-none-eabi/11.3.1/../../../../arm-none-eabi/lib/thumb/v7e-m+fp/hard/libc_nano.a(libc_a-lock.o)
                0x0000000008000f06                __retarget_lock_release_recursive
 .text.__ssputs_r
                0x0000000008000f08       0xb4 /Applications/STM32CubeIDE.app/Contents/Eclipse/plugins/com.st.stm32cube.ide.mcu.externaltools.gnu-tools-for-stm32.11.3.rel1.macos64_1.1.1.202309131626/tools/bin/../lib/gcc/arm-none-eabi/11.3.1/../../../../arm-none-eabi/lib/thumb/v7e-m+fp/hard/libc_nano.a(libc_a-nano-svfprintf.o)
                0x0000000008000f08                __ssputs_r
 .text._svfprintf_r
                0x0000000008000fbc      0x1fc /Applications/STM32CubeIDE.app/Contents/Eclipse/plugins/com.st.stm32cube.ide.mcu.externaltools.gnu-tools-for-stm32.11.3.rel1.macos64_1.1.1.202309131626/tools/bin/../lib/gcc/arm-none-eabi/11.3.1/../../../../arm-none-eabi/lib/thumb/v7e-m+fp/hard/libc_nano.a(libc_a-nano-svfprintf.o)
                0x0000000008000fbc                _svfprintf_r
                0x0000000008000fbc                _svfiprintf_r
 .text.sbrk_aligned
                0x00000000080011b8       0x40 /Applications/STM32CubeIDE.app/Contents/Eclipse/plugins/com.st.stm32cube.ide.mcu.externaltools.gnu-tools-for-stm32.11.3.rel1.macos64_1.1.1.202309131626/tools/bin/../lib/gcc/arm-none-eabi/11.3.1/../../../../arm-none-eabi/lib/thumb/v7e-m+fp/hard/libc_nano.a(libc_a-mallocr.o)
 .text._malloc_r
                0x00000000080011f8      0x100 /Applications/STM32CubeIDE.app/Contents/Eclipse/plugins/com.st.stm32cube.ide.mcu.externaltools.gnu-tools-for-stm32.11.3.rel1.macos64_1.1.1.202309131626/tools/bin/../lib/gcc/arm-none-eabi/11.3.1/../../../../arm-none-eabi/lib/thumb/v7e-m+fp/hard/libc_nano.a(libc_a-mallocr.o)
                0x00000000080011f8                _malloc_r
 .text._printf_common
                0x00000000080012f8       0xda /Applications/STM32CubeIDE.app/Contents/Eclipse/plugins/com.st.stm32cube.ide.mcu.externaltools.gnu-tools-for-stm32.11.3.rel1.macos64_1.1.1.202309131626/tools/bin/../lib/gcc/arm-none-eabi/11.3.1/../../../../arm-none-eabi/lib/thumb/v7e-m+fp/hard/libc_nano.a(libc_a-nano-vfprintf_i.o)
                0x00000000080012f8                _printf_common
 *fill*         0x00000000080013d2        0x2 
 .text._printf_i
                0x00000000080013d4      0x244 /Applications/STM32CubeIDE.app/Contents/Eclipse/plugins/com.st.stm32cube.ide.mcu.externaltools.gnu-tools-for-stm32.11.3.rel1.macos64_1.1.1.202309131626/tools/bin/../lib/gcc/arm-none-eabi/11.3.1/../../../../arm-none-eabi/lib/thumb/v7e-m+fp/hard/libc_nano.a(libc_a-nano-vfprintf_i.o)
                0x00000000080013d4                _printf_i
 .text.__malloc_lock
                0x0000000008001618        0xc /Applications/STM32CubeIDE.app/Contents/Eclipse/plugins/com.st.stm32cube.ide.mcu.externaltools.gnu-tools-for-stm32.11.3.rel1.macos64_1.1.1.202309131626/tools/bin/../lib/gcc/arm-none-eabi/11.3.1/../../../../arm-none-eabi/lib/thumb/v7e-m+fp/hard/libc_nano.a(libc_a-mlock.o)
                0x0000000008001618                __malloc_lock
 .text.__malloc_unlock
                0x0000000008001624        0xc /Applications/STM32CubeIDE.app/Contents/Eclipse/plugins/com.st.stm32cube.ide.mcu.externaltools.gnu-tools-for-stm32.11.3.rel1.macos64_1.1.1.202309131626/tools/bin/../lib/gcc/arm-none-eabi/11.3.1/../../../../arm-none-eabi/lib/thumb/v7e-m+fp/hard/libc_nano.a(libc_a-mlock.o)
                0x0000000008001624                __malloc_unlock
 .text._realloc_r
                0x0000000008001630       0x5e /Applications/STM32CubeIDE.app/Contents/Eclipse/plugins/com.st.stm32cube.ide.mcu.externaltools.gnu-tools-for-stm32.11.3.rel1.macos64_1.1.1.202309131626/tools/bin/../lib/gcc/arm-none-eabi/11.3.1/../../../../arm-none-eabi/lib/thumb/v7e-m+fp/hard/libc_nano.a(libc_a-reallocr.o)
                0x0000000008001630                _realloc_r
 .text.memmove  0x000000000800168e       0x34 /Applications/STM32CubeIDE.app/Contents/Eclipse/plugins/com.st.stm32cube.ide.mcu.externaltools.gnu-tools-for-stm32.11.3.rel1.macos64_1.1.1.202309131626/tools/bin/../lib/gcc/arm-none-eabi/11.3.1/../../../../arm-none-eabi/lib/thumb/v7e-m+fp/hard/libc_nano.a(libc_a-memmove.o)
                0x000000000800168e                memmove
 *fill*         0x00000000080016c2        0x2 
 .text._sbrk_r  0x00000000080016c4       0x20 /Applications/STM32CubeIDE.app/Contents/Eclipse/plugins/com.st.stm32cube.ide.mcu.externaltools.gnu-tools-for-stm32.11.3.rel1.macos64_1.1.1.202309131626/tools/bin/../lib/gcc/arm-none-eabi/11.3.1/../../../../arm-none-eabi/lib/thumb/v7e-m+fp/hard/libc_nano.a(libc_a-sbrkr.o)
                0x00000000080016c4                _sbrk_r
 .text.memcpy   0x00000000080016e4       0x1c /Applications/STM32CubeIDE.app/Contents/Eclipse/plugins/com.st.stm32cube.ide.mcu.externaltools.gnu-tools-for-stm32.11.3.rel1.macos64_1.1.1.202309131626/tools/bin/../lib/gcc/arm-none-eabi/11.3.1/../../../../arm-none-eabi/lib/thumb/v7e-m+fp/hard/libc_nano.a(libc_a-memcpy-stub.o)
                0x00000000080016e4                memcpy
 .text._free_r  0x0000000008001700       0x98 /Applications/STM32CubeIDE.app/Contents/Eclipse/plugins/com.st.stm32cube.ide.mcu.externaltools.gnu-tools-for-stm32.11.3.rel1.macos64_1.1.1.202309131626/tools/bin/../lib/gcc/arm-none-eabi/11.3.1/../../../../arm-none-eabi/lib/thumb/v7e-m+fp/hard/libc_nano.a(libc_a-freer.o)
                0x0000000008001700                _free_r
 .text._malloc_usable_size_r
                0x0000000008001798       0x10 /Applications/STM32CubeIDE.app/Contents/Eclipse/plugins/com.st.stm32cube.ide.mcu.externaltools.gnu-tools-for-stm32.11.3.rel1.macos64_1.1.1.202309131626/tools/bin/../lib/gcc/arm-none-eabi/11.3.1/../../../../arm-none-eabi/lib/thumb/v7e-m+fp/hard/libc_nano.a(libc_a-msizer.o)
                0x0000000008001798                _malloc_usable_size_r
 *(.glue_7)
 .glue_7        0x00000000080017a8        0x0 linker stubs
 *(.glue_7t)
 .glue_7t       0x00000000080017a8        0x0 linker stubs
 *(.eh_frame)
 .eh_frame      0x00000000080017a8        0x0 /Applications/STM32CubeIDE.app/Contents/Eclipse/plugins/com.st.stm32cube.ide.mcu.externaltools.gnu-tools-for-stm32.11.3.rel1.macos64_1.1.1.202309131626/tools/bin/../lib/gcc/arm-none-eabi/11.3.1/thumb/v7e-m+fp/hard/crtbegin.o
 *(.init)
 .init          0x00000000080017a8        0x4 /Applications/STM32CubeIDE.app/Contents/Eclipse/plugins/com.st.stm32cube.ide.mcu.externaltools.gnu-tools-for-stm32.11.3.rel1.macos64_1.1.1.202309131626/tools/bin/../lib/gcc/arm-none-eabi/11.3.1/thumb/v7e-m+fp/hard/crti.o
                0x00000000080017a8                _init
 .init          0x00000000080017ac        0x8 /Applications/STM32CubeIDE.app/Contents/Eclipse/plugins/com.st.stm32cube.ide.mcu.externaltools.gnu-tools-for-stm32.11.3.rel1.macos64_1.1.1.202309131626/tools/bin/../lib/gcc/arm-none-eabi/11.3.1/thumb/v7e-m+fp/hard/crtn.o
 *(.fini)
 .fini          0x00000000080017b4        0x4 /Applications/STM32CubeIDE.app/Contents/Eclipse/plugins/com.st.stm32cube.ide.mcu.externaltools.gnu-tools-for-stm32.11.3.rel1.macos64_1.1.1.202309131626/tools/bin/../lib/gcc/arm-none-eabi/11.3.1/thumb/v7e-m+fp/hard/crti.o
                0x00000000080017b4                _fini
 .fini          0x00000000080017b8        0x8 /Applications/STM32CubeIDE.app/Contents/Eclipse/plugins/com.st.stm32cube.ide.mcu.externaltools.gnu-tools-for-stm32.11.3.rel1.macos64_1.1.1.202309131626/tools/bin/../lib/gcc/arm-none-eabi/11.3.1/thumb/v7e-m+fp/hard/crtn.o
                0x00000000080017c0                . = ALIGN (0x4)
                0x00000000080017c0                _etext = .

.vfp11_veneer   0x00000000080017c0        0x0
 .vfp11_veneer  0x00000000080017c0        0x0 linker stubs

.v4_bx          0x00000000080017c0        0x0
 .v4_bx         0x00000000080017c0        0x0 linker stubs

.iplt           0x00000000080017c0        0x0
 .iplt          0x00000000080017c0        0x0 /Applications/STM32CubeIDE.app/Contents/Eclipse/plugins/com.st.stm32cube.ide.mcu.externaltools.gnu-tools-for-stm32.11.3.rel1.macos64_1.1.1.202309131626/tools/bin/../lib/gcc/arm-none-eabi/11.3.1/thumb/v7e-m+fp/hard/crtbegin.o

.rodata         0x00000000080017c0       0x80
                0x00000000080017c0                . = ALIGN (0x4)
 *(.rodata)
 .rodata        0x00000000080017c0       0x4a ./Core/Src/main.o
 *(.rodata*)
 .rodata._svfprintf_r.str1.1
                0x000000000800180a       0x11 /Applications/STM32CubeIDE.app/Contents/Eclipse/plugins/com.st.stm32cube.ide.mcu.externaltools.gnu-tools-for-stm32.11.3.rel1.macos64_1.1.1.202309131626/tools/bin/../lib/gcc/arm-none-eabi/11.3.1/../../../../arm-none-eabi/lib/thumb/v7e-m+fp/hard/libc_nano.a(libc_a-nano-svfprintf.o)
 .rodata._printf_i.str1.1
                0x000000000800181b       0x22 /Applications/STM32CubeIDE.app/Contents/Eclipse/plugins/com.st.stm32cube.ide.mcu.externaltools.gnu-tools-for-stm32.11.3.rel1.macos64_1.1.1.202309131626/tools/bin/../lib/gcc/arm-none-eabi/11.3.1/../../../../arm-none-eabi/lib/thumb/v7e-m+fp/hard/libc_nano.a(libc_a-nano-vfprintf_i.o)
                0x0000000008001840                . = ALIGN (0x4)
 *fill*         0x000000000800183d        0x3 

.rel.dyn        0x0000000008001840        0x0
 .rel.iplt      0x0000000008001840        0x0 /Applications/STM32CubeIDE.app/Contents/Eclipse/plugins/com.st.stm32cube.ide.mcu.externaltools.gnu-tools-for-stm32.11.3.rel1.macos64_1.1.1.202309131626/tools/bin/../lib/gcc/arm-none-eabi/11.3.1/thumb/v7e-m+fp/hard/crtbegin.o

.ARM.extab      0x0000000008001840        0x0
                0x0000000008001840                . = ALIGN (0x4)
 *(.ARM.extab* .gnu.linkonce.armextab.*)
                0x0000000008001840                . = ALIGN (0x4)

.ARM            0x0000000008001840        0x0
                0x0000000008001840                . = ALIGN (0x4)
                0x0000000008001840                __exidx_start = .
 *(.ARM.exidx*)
                0x0000000008001840                __exidx_end = .
                0x0000000008001840                . = ALIGN (0x4)

.preinit_array  0x0000000008001840        0x0
                0x0000000008001840                . = ALIGN (0x4)
                0x0000000008001840                PROVIDE (__preinit_array_start = .)
 *(.preinit_array*)
                0x0000000008001840                PROVIDE (__preinit_array_end = .)
                0x0000000008001840                . = ALIGN (0x4)

.init_array     0x0000000008001840        0x4
                0x0000000008001840                . = ALIGN (0x4)
                0x0000000008001840                PROVIDE (__init_array_start = .)
 *(SORT_BY_NAME(.init_array.*))
 *(.init_array*)
 .init_array    0x0000000008001840        0x4 /Applications/STM32CubeIDE.app/Contents/Eclipse/plugins/com.st.stm32cube.ide.mcu.externaltools.gnu-tools-for-stm32.11.3.rel1.macos64_1.1.1.202309131626/tools/bin/../lib/gcc/arm-none-eabi/11.3.1/thumb/v7e-m+fp/hard/crtbegin.o
                0x0000000008001844                PROVIDE (__init_array_end = .)
                0x0000000008001844                . = ALIGN (0x4)

.fini_array     0x0000000008001844        0x4
                0x0000000008001844                . = ALIGN (0x4)
                [!provide]                        PROVIDE (__fini_array_start = .)
 *(SORT_BY_NAME(.fini_array.*))
 *(.fini_array*)
 .fini_array    0x0000000008001844        0x4 /Applications/STM32CubeIDE.app/Contents/Eclipse/plugins/com.st.stm32cube.ide.mcu.externaltools.gnu-tools-for-stm32.11.3.rel1.macos64_1.1.1.202309131626/tools/bin/../lib/gcc/arm-none-eabi/11.3.1/thumb/v7e-m+fp/hard/crtbegin.o
                [!provide]                        PROVIDE (__fini_array_end = .)
                0x0000000008001848                . = ALIGN (0x4)
                0x0000000008001848                _sidata = LOADADDR (.data)

.data           0x0000000020000000       0x5c load address 0x0000000008001848
                0x0000000020000000                . = ALIGN (0x4)
                0x0000000020000000                _sdata = .
 *(.data)
 *(.data*)
 .data.SystemCoreClock
                0x0000000020000000        0x4 ./Core/Src/system_stm32l4xx.o
                0x0000000020000000                SystemCoreClock
 .data.uwTickPrio
                0x0000000020000004        0x4 ./Drivers/STM32L4xx_HAL_Driver/Src/stm32l4xx_hal.o
                0x0000000020000004                uwTickPrio
 .data.uwTickFreq
                0x0000000020000008        0x1 ./Drivers/STM32L4xx_HAL_Driver/Src/stm32l4xx_hal.o
                0x0000000020000008                uwTickFreq
 *fill*         0x0000000020000009        0x3 
 .data._impure_data
                0x000000002000000c       0x4c /Applications/STM32CubeIDE.app/Contents/Eclipse/plugins/com.st.stm32cube.ide.mcu.externaltools.gnu-tools-for-stm32.11.3.rel1.macos64_1.1.1.202309131626/tools/bin/../lib/gcc/arm-none-eabi/11.3.1/../../../../arm-none-eabi/lib/thumb/v7e-m+fp/hard/libc_nano.a(libc_a-impure.o)
                0x000000002000000c                _impure_data
 .data._impure_ptr
                0x0000000020000058        0x4 /Applications/STM32CubeIDE.app/Contents/Eclipse/plugins/com.st.stm32cube.ide.mcu.externaltools.gnu-tools-for-stm32.11.3.rel1.macos64_1.1.1.202309131626/tools/bin/../lib/gcc/arm-none-eabi/11.3.1/../../../../arm-none-eabi/lib/thumb/v7e-m+fp/hard/libc_nano.a(libc_a-impure.o)
                0x0000000020000058                _impure_ptr
 *(.RamFunc)
 *(.RamFunc*)
                0x000000002000005c                . = ALIGN (0x4)
                0x000000002000005c                _edata = .

.igot.plt       0x000000002000005c        0x0 load address 0x00000000080018a4
 .igot.plt      0x000000002000005c        0x0 /Applications/STM32CubeIDE.app/Contents/Eclipse/plugins/com.st.stm32cube.ide.mcu.externaltools.gnu-tools-for-stm32.11.3.rel1.macos64_1.1.1.202309131626/tools/bin/../lib/gcc/arm-none-eabi/11.3.1/thumb/v7e-m+fp/hard/crtbegin.o
                0x000000002000005c                . = ALIGN (0x4)

.bss            0x000000002000005c      0x170 load address 0x00000000080018a4
                0x000000002000005c                _sbss = .
                0x000000002000005c                __bss_start__ = _sbss
 *(.bss)
 .bss           0x000000002000005c       0x1c /Applications/STM32CubeIDE.app/Contents/Eclipse/plugins/com.st.stm32cube.ide.mcu.externaltools.gnu-tools-for-stm32.11.3.rel1.macos64_1.1.1.202309131626/tools/bin/../lib/gcc/arm-none-eabi/11.3.1/thumb/v7e-m+fp/hard/crtbegin.o
 *(.bss*)
 .bss.screen_touched
                0x0000000020000078        0x1 ./Core/Src/main.o
                0x0000000020000078                screen_touched
 *fill*         0x0000000020000079        0x3 
 .bss.__sbrk_heap_end
                0x000000002000007c        0x4 ./Core/Src/sysmem.o
 .bss.uwTick    0x0000000020000080        0x4 ./Drivers/STM32L4xx_HAL_Driver/Src/stm32l4xx_hal.o
                0x0000000020000080                uwTick
 .bss.__sf      0x0000000020000084      0x138 /Applications/STM32CubeIDE.app/Contents/Eclipse/plugins/com.st.stm32cube.ide.mcu.externaltools.gnu-tools-for-stm32.11.3.rel1.macos64_1.1.1.202309131626/tools/bin/../lib/gcc/arm-none-eabi/11.3.1/../../../../arm-none-eabi/lib/thumb/v7e-m+fp/hard/libc_nano.a(libc_a-findfp.o)
                0x0000000020000084                __sf
 .bss.__lock___malloc_recursive_mutex
                0x00000000200001bc        0x1 /Applications/STM32CubeIDE.app/Contents/Eclipse/plugins/com.st.stm32cube.ide.mcu.externaltools.gnu-tools-for-stm32.11.3.rel1.macos64_1.1.1.202309131626/tools/bin/../lib/gcc/arm-none-eabi/11.3.1/../../../../arm-none-eabi/lib/thumb/v7e-m+fp/hard/libc_nano.a(libc_a-lock.o)
                0x00000000200001bc                __lock___malloc_recursive_mutex
 *fill*         0x00000000200001bd        0x3 
 .bss.__malloc_free_list
                0x00000000200001c0        0x4 /Applications/STM32CubeIDE.app/Contents/Eclipse/plugins/com.st.stm32cube.ide.mcu.externaltools.gnu-tools-for-stm32.11.3.rel1.macos64_1.1.1.202309131626/tools/bin/../lib/gcc/arm-none-eabi/11.3.1/../../../../arm-none-eabi/lib/thumb/v7e-m+fp/hard/libc_nano.a(libc_a-mallocr.o)
                0x00000000200001c0                __malloc_free_list
 .bss.__malloc_sbrk_start
                0x00000000200001c4        0x4 /Applications/STM32CubeIDE.app/Contents/Eclipse/plugins/com.st.stm32cube.ide.mcu.externaltools.gnu-tools-for-stm32.11.3.rel1.macos64_1.1.1.202309131626/tools/bin/../lib/gcc/arm-none-eabi/11.3.1/../../../../arm-none-eabi/lib/thumb/v7e-m+fp/hard/libc_nano.a(libc_a-mallocr.o)
                0x00000000200001c4                __malloc_sbrk_start
 .bss.errno     0x00000000200001c8        0x4 /Applications/STM32CubeIDE.app/Contents/Eclipse/plugins/com.st.stm32cube.ide.mcu.externaltools.gnu-tools-for-stm32.11.3.rel1.macos64_1.1.1.202309131626/tools/bin/../lib/gcc/arm-none-eabi/11.3.1/../../../../arm-none-eabi/lib/thumb/v7e-m+fp/hard/libc_nano.a(libc_a-reent.o)
                0x00000000200001c8                errno
 *(COMMON)
                0x00000000200001cc                . = ALIGN (0x4)
                0x00000000200001cc                _ebss = .
                0x00000000200001cc                __bss_end__ = _ebss

._user_heap_stack
                0x00000000200001cc      0x604 load address 0x00000000080018a4
                0x00000000200001d0                . = ALIGN (0x8)
 *fill*         0x00000000200001cc        0x4 
                [!provide]                        PROVIDE (end = .)
                0x00000000200001d0                PROVIDE (_end = .)
                0x00000000200003d0                . = (. + _Min_Heap_Size)
 *fill*         0x00000000200001d0      0x200 
                0x00000000200007d0                . = (. + _Min_Stack_Size)
 *fill*         0x00000000200003d0      0x400 
                0x00000000200007d0                . = ALIGN (0x8)

/DISCARD/
 libc.a(*)
 libm.a(*)
 libgcc.a(*)

.ARM.attributes
                0x0000000000000000       0x30
 *(.ARM.attributes)
 .ARM.attributes
                0x0000000000000000       0x1e /Applications/STM32CubeIDE.app/Contents/Eclipse/plugins/com.st.stm32cube.ide.mcu.externaltools.gnu-tools-for-stm32.11.3.rel1.macos64_1.1.1.202309131626/tools/bin/../lib/gcc/arm-none-eabi/11.3.1/thumb/v7e-m+fp/hard/crti.o
 .ARM.attributes
                0x000000000000001e       0x34 /Applications/STM32CubeIDE.app/Contents/Eclipse/plugins/com.st.stm32cube.ide.mcu.externaltools.gnu-tools-for-stm32.11.3.rel1.macos64_1.1.1.202309131626/tools/bin/../lib/gcc/arm-none-eabi/11.3.1/thumb/v7e-m+fp/hard/crtbegin.o
 .ARM.attributes
                0x0000000000000052       0x34 ./Core/Src/main.o
 .ARM.attributes
                0x0000000000000086       0x34 ./Core/Src/stm32l4xx_hal_msp.o
 .ARM.attributes
                0x00000000000000ba       0x34 ./Core/Src/stm32l4xx_it.o
 .ARM.attributes
                0x00000000000000ee       0x34 ./Core/Src/sysmem.o
 .ARM.attributes
                0x0000000000000122       0x34 ./Core/Src/system_stm32l4xx.o
 .ARM.attributes
                0x0000000000000156       0x21 ./Core/Startup/startup_stm32l476rgtx.o
 .ARM.attributes
                0x0000000000000177       0x34 ./Drivers/STM32L4xx_HAL_Driver/Src/stm32l4xx_hal.o
 .ARM.attributes
                0x00000000000001ab       0x34 ./Drivers/STM32L4xx_HAL_Driver/Src/stm32l4xx_hal_cortex.o
 .ARM.attributes
                0x00000000000001df       0x34 /Applications/STM32CubeIDE.app/Contents/Eclipse/plugins/com.st.stm32cube.ide.mcu.externaltools.gnu-tools-for-stm32.11.3.rel1.macos64_1.1.1.202309131626/tools/bin/../lib/gcc/arm-none-eabi/11.3.1/../../../../arm-none-eabi/lib/thumb/v7e-m+fp/hard/libc_nano.a(libc_a-snprintf.o)
 .ARM.attributes
                0x0000000000000213       0x34 /Applications/STM32CubeIDE.app/Contents/Eclipse/plugins/com.st.stm32cube.ide.mcu.externaltools.gnu-tools-for-stm32.11.3.rel1.macos64_1.1.1.202309131626/tools/bin/../lib/gcc/arm-none-eabi/11.3.1/../../../../arm-none-eabi/lib/thumb/v7e-m+fp/hard/libc_nano.a(libc_a-findfp.o)
 .ARM.attributes
                0x0000000000000247       0x34 /Applications/STM32CubeIDE.app/Contents/Eclipse/plugins/com.st.stm32cube.ide.mcu.externaltools.gnu-tools-for-stm32.11.3.rel1.macos64_1.1.1.202309131626/tools/bin/../lib/gcc/arm-none-eabi/11.3.1/../../../../arm-none-eabi/lib/thumb/v7e-m+fp/hard/libc_nano.a(libc_a-impure.o)
 .ARM.attributes
                0x000000000000027b       0x34 /Applications/STM32CubeIDE.app/Contents/Eclipse/plugins/com.st.stm32cube.ide.mcu.externaltools.gnu-tools-for-stm32.11.3.rel1.macos64_1.1.1.202309131626/tools/bin/../lib/gcc/arm-none-eabi/11.3.1/../../../../arm-none-eabi/lib/thumb/v7e-m+fp/hard/libc_nano.a(libc_a-errno.o)
 .ARM.attributes
                0x00000000000002af       0x34 /Applications/STM32CubeIDE.app/Contents/Eclipse/plugins/com.st.stm32cube.ide.mcu.externaltools.gnu-tools-for-stm32.11.3.rel1.macos64_1.1.1.202309131626/tools/bin/../lib/gcc/arm-none-eabi/11.3.1/../../../../arm-none-eabi/lib/thumb/v7e-m+fp/hard/libc_nano.a(libc_a-init.o)
 .ARM.attributes
                0x00000000000002e3       0x34 /Applications/STM32CubeIDE.app/Contents/Eclipse/plugins/com.st.stm32cube.ide.mcu.externaltools.gnu-tools-for-stm32.11.3.rel1.macos64_1.1.1.202309131626/tools/bin/../lib/gcc/arm-none-eabi/11.3.1/../../../../arm-none-eabi/lib/thumb/v7e-m+fp/hard/libc_nano.a(libc_a-lock.o)
 .ARM.attributes
                0x0000000000000317       0x34 /Applications/STM32CubeIDE.app/Contents/Eclipse/plugins/com.st.stm32cube.ide.mcu.externaltools.gnu-tools-for-stm32.11.3.rel1.macos64_1.1.1.202309131626/tools/bin/../lib/gcc/arm-none-eabi/11.3.1/../../../../arm-none-eabi/lib/thumb/v7e-m+fp/hard/libc_nano.a(libc_a-nano-svfprintf.o)
 .ARM.attributes
                0x000000000000034b       0x34 /Applications/STM32CubeIDE.app/Contents/Eclipse/plugins/com.st.stm32cube.ide.mcu.externaltools.gnu-tools-for-stm32.11.3.rel1.macos64_1.1.1.202309131626/tools/bin/../lib/gcc/arm-none-eabi/11.3.1/../../../../arm-none-eabi/lib/thumb/v7e-m+fp/hard/libc_nano.a(libc_a-mallocr.o)
 .ARM.attributes
                0x000000000000037f       0x34 /Applications/STM32CubeIDE.app/Contents/Eclipse/plugins/com.st.stm32cube.ide.mcu.externaltools.gnu-tools-for-stm32.11.3.rel1.macos64_1.1.1.202309131626/tools/bin/../lib/gcc/arm-none-eabi/11.3.1/../../../../arm-none-eabi/lib/thumb/v7e-m+fp/hard/libc_nano.a(libc_a-nano-vfprintf_i.o)
 .ARM.attributes
                0x00000000000003b3       0x34 /Applications/STM32CubeIDE.app/Contents/Eclipse/plugins/com.st.stm32cube.ide.mcu.externaltools.gnu-tools-for-stm32.11.3.rel1.macos64_1.1.1.202309131626/tools/bin/../lib/gcc/arm-none-eabi/11.3.1/../../../../arm-none-eabi/lib/thumb/v7e-m+fp/hard/libc_nano.a(libc_a-mlock.o)
 .ARM.attributes
                0x00000000000003e7       0x34 /Applications/STM32CubeIDE.app/Contents/Eclipse/plugins/com.st.stm32cube.ide.mcu.externaltools.gnu-tools-for-stm32.11.3.rel1.macos64_1.1.1.202309131626/tools/bin/../lib/gcc/arm-none-eabi/11.3.1/../../../../arm-none-eabi/lib/thumb/v7e-m+fp/hard/libc_nano.a(libc_a-reallocr.o)
 .ARM.attributes
                0x000000000000041b       0x34 /Applications/STM32CubeIDE.app/Contents/Eclipse/plugins/com.st.stm32cube.ide.mcu.externaltools.gnu-tools-for-stm32.11.3.rel1.macos64_1.1.1.202309131626/tools/bin/../lib/gcc/arm-none-eabi/11.3.1/../../../../arm-none-eabi/lib/thumb/v7e-m+fp/hard/libc_nano.a(libc_a-memmove.o)
 .ARM.attributes
                0x000000000000044f       0x34 /Applications/STM32CubeIDE.app/Contents/Eclipse/plugins/com.st.stm32cube.ide.mcu.externaltools.gnu-tools-for-stm32.11.3.rel1.macos64_1.1.1.202309131626/tools/bin/../lib/gcc/arm-none-eabi/11.3.1/../../../../arm-none-eabi/lib/thumb/v7e-m+fp/hard/libc_nano.a(libc_a-reent.o)
 .ARM.attributes
                0x0000000000000483       0x34 /Applications/STM32CubeIDE.app/Contents/Eclipse/plugins/com.st.stm32cube.ide.mcu.externaltools.gnu-tools-for-stm32.11.3.rel1.macos64_1.1.1.202309131626/tools/bin/../lib/gcc/arm-none-eabi/11.3.1/../../../../arm-none-eabi/lib/thumb/v7e-m+fp/hard/libc_nano.a(libc_a-sbrkr.o)
 .ARM.attributes
                0x00000000000004b7       0x1c /Applications/STM32CubeIDE.app/Contents/Eclipse/plugins/com.st.stm32cube.ide.mcu.externaltools.gnu-tools-for-stm32.11.3.rel1.macos64_1.1.1.202309131626/tools/bin/../lib/gcc/arm-none-eabi/11.3.1/../../../../arm-none-eabi/lib/thumb/v7e-m+fp/hard/libc_nano.a(libc_a-memchr.o)
 .ARM.attributes
                0x00000000000004d3       0x34 /Applications/STM32CubeIDE.app/Contents/Eclipse/plugins/com.st.stm32cube.ide.mcu.externaltools.gnu-tools-for-stm32.11.3.rel1.macos64_1.1.1.202309131626/tools/bin/../lib/gcc/arm-none-eabi/11.3.1/../../../../arm-none-eabi/lib/thumb/v7e-m+fp/hard/libc_nano.a(libc_a-memcpy-stub.o)
 .ARM.attributes
                0x0000000000000507       0x34 /Applications/STM32CubeIDE.app/Contents/Eclipse/plugins/com.st.stm32cube.ide.mcu.externaltools.gnu-tools-for-stm32.11.3.rel1.macos64_1.1.1.202309131626/tools/bin/../lib/gcc/arm-none-eabi/11.3.1/../../../../arm-none-eabi/lib/thumb/v7e-m+fp/hard/libc_nano.a(libc_a-freer.o)
 .ARM.attributes
                0x000000000000053b       0x34 /Applications/STM32CubeIDE.app/Contents/Eclipse/plugins/com.st.stm32cube.ide.mcu.externaltools.gnu-tools-for-stm32.11.3.rel1.macos64_1.1.1.202309131626/tools/bin/../lib/gcc/arm-none-eabi/11.3.1/../../../../arm-none-eabi/lib/thumb/v7e-m+fp/hard/libc_nano.a(libc_a-msizer.o)
 .ARM.attributes
                0x000000000000056f       0x1e /Applications/STM32CubeIDE.app/Contents/Eclipse/plugins/com.st.stm32cube.ide.mcu.externaltools.gnu-tools-for-stm32.11.3.rel1.macos64_1.1.1.202309131626/tools/bin/../lib/gcc/arm-none-eabi/11.3.1/thumb/v7e-m+fp/hard/crtn.o
OUTPUT(test_tsc2046.elf elf32-littlearm)
LOAD linker stubs
LOAD /Applications/STM32CubeIDE.app/Contents/Eclipse/plugins/com.st.stm32cube.ide.mcu.externaltools.gnu-tools-for-stm32.11.3.rel1.macos64_1.1.1.202309131626/tools/bin/../lib/gcc/arm-none-eabi/11.3.1/../../../../arm-none-eabi/lib/thumb/v7e-m+fp/hard/libc.a
LOAD /Applications/STM32CubeIDE.app/Contents/Eclipse/plugins/com.st.stm32cube.ide.mcu.externaltools.gnu-tools-for-stm32.11.3.rel1.macos64_1.1.1.202309131626/tools/bin/../lib/gcc/arm-none-eabi/11.3.1/../../../../arm-none-eabi/lib/thumb/v7e-m+fp/hard/libm.a
LOAD /Applications/STM32CubeIDE.app/Contents/Eclipse/plugins/com.st.stm32cube.ide.mcu.externaltools.gnu-tools-for-stm32.11.3.rel1.macos64_1.1.1.202309131626/tools/bin/../lib/gcc/arm-none-eabi/11.3.1/thumb/v7e-m+fp/hard/libgcc.a

.comment        0x0000000000000000       0x43
 .comment       0x0000000000000000       0x43 /Applications/STM32CubeIDE.app/Contents/Eclipse/plugins/com.st.stm32cube.ide.mcu.externaltools.gnu-tools-for-stm32.11.3.rel1.macos64_1.1.1.202309131626/tools/bin/../lib/gcc/arm-none-eabi/11.3.1/thumb/v7e-m+fp/hard/crtbegin.o
                                         0x44 (size before relaxing)
 .comment       0x0000000000000043       0x44 ./Core/Src/main.o
 .comment       0x0000000000000043       0x44 ./Core/Src/stm32l4xx_hal_msp.o
 .comment       0x0000000000000043       0x44 ./Core/Src/stm32l4xx_it.o
 .comment       0x0000000000000043       0x44 ./Core/Src/sysmem.o
 .comment       0x0000000000000043       0x44 ./Core/Src/system_stm32l4xx.o
 .comment       0x0000000000000043       0x44 ./Drivers/STM32L4xx_HAL_Driver/Src/stm32l4xx_hal.o
 .comment       0x0000000000000043       0x44 ./Drivers/STM32L4xx_HAL_Driver/Src/stm32l4xx_hal_cortex.o

.debug_info     0x0000000000000000     0x3d42
 .debug_info    0x0000000000000000      0xe7d ./Core/Src/main.o
 .debug_info    0x0000000000000e7d      0xd21 ./Core/Src/stm32l4xx_hal_msp.o
 .debug_info    0x0000000000001b9e      0x113 ./Core/Src/stm32l4xx_it.o
 .debug_info    0x0000000000001cb1      0x168 ./Core/Src/sysmem.o
 .debug_info    0x0000000000001e19      0x5b1 ./Core/Src/system_stm32l4xx.o
 .debug_info    0x00000000000023ca       0x23 ./Core/Startup/startup_stm32l476rgtx.o
 .debug_info    0x00000000000023ed      0xc09 ./Drivers/STM32L4xx_HAL_Driver/Src/stm32l4xx_hal.o
 .debug_info    0x0000000000002ff6      0xd4c ./Drivers/STM32L4xx_HAL_Driver/Src/stm32l4xx_hal_cortex.o

.debug_abbrev   0x0000000000000000      0xd07
 .debug_abbrev  0x0000000000000000      0x370 ./Core/Src/main.o
 .debug_abbrev  0x0000000000000370      0x1d2 ./Core/Src/stm32l4xx_hal_msp.o
 .debug_abbrev  0x0000000000000542       0x73 ./Core/Src/stm32l4xx_it.o
 .debug_abbrev  0x00000000000005b5       0xbc ./Core/Src/sysmem.o
 .debug_abbrev  0x0000000000000671      0x11a ./Core/Src/system_stm32l4xx.o
 .debug_abbrev  0x000000000000078b       0x12 ./Core/Startup/startup_stm32l476rgtx.o
 .debug_abbrev  0x000000000000079d      0x243 ./Drivers/STM32L4xx_HAL_Driver/Src/stm32l4xx_hal.o
 .debug_abbrev  0x00000000000009e0      0x327 ./Drivers/STM32L4xx_HAL_Driver/Src/stm32l4xx_hal_cortex.o

.debug_aranges  0x0000000000000000      0x410
 .debug_aranges
                0x0000000000000000       0xc8 ./Core/Src/main.o
 .debug_aranges
                0x00000000000000c8       0x30 ./Core/Src/stm32l4xx_hal_msp.o
 .debug_aranges
                0x00000000000000f8       0x60 ./Core/Src/stm32l4xx_it.o
 .debug_aranges
                0x0000000000000158       0x20 ./Core/Src/sysmem.o
 .debug_aranges
                0x0000000000000178       0x28 ./Core/Src/system_stm32l4xx.o
 .debug_aranges
                0x00000000000001a0       0x28 ./Core/Startup/startup_stm32l476rgtx.o
 .debug_aranges
                0x00000000000001c8      0x130 ./Drivers/STM32L4xx_HAL_Driver/Src/stm32l4xx_hal.o
 .debug_aranges
                0x00000000000002f8      0x118 ./Drivers/STM32L4xx_HAL_Driver/Src/stm32l4xx_hal_cortex.o

.debug_rnglists
                0x0000000000000000      0x2ec
 .debug_rnglists
                0x0000000000000000       0x96 ./Core/Src/main.o
 .debug_rnglists
                0x0000000000000096       0x20 ./Core/Src/stm32l4xx_hal_msp.o
 .debug_rnglists
                0x00000000000000b6       0x43 ./Core/Src/stm32l4xx_it.o
 .debug_rnglists
                0x00000000000000f9       0x13 ./Core/Src/sysmem.o
 .debug_rnglists
                0x000000000000010c       0x1a ./Core/Src/system_stm32l4xx.o
 .debug_rnglists
                0x0000000000000126       0x19 ./Core/Startup/startup_stm32l476rgtx.o
 .debug_rnglists
                0x000000000000013f       0xdf ./Drivers/STM32L4xx_HAL_Driver/Src/stm32l4xx_hal.o
 .debug_rnglists
                0x000000000000021e       0xce ./Drivers/STM32L4xx_HAL_Driver/Src/stm32l4xx_hal_cortex.o

.debug_macro    0x0000000000000000    0x2509e
 .debug_macro   0x0000000000000000      0x2d2 ./Core/Src/main.o
 .debug_macro   0x00000000000002d2      0xaa8 ./Core/Src/main.o
 .debug_macro   0x0000000000000d7a      0x1a1 ./Core/Src/main.o
 .debug_macro   0x0000000000000f1b       0x2e ./Core/Src/main.o
 .debug_macro   0x0000000000000f49       0x28 ./Core/Src/main.o
 .debug_macro   0x0000000000000f71       0x22 ./Core/Src/main.o
 .debug_macro   0x0000000000000f93       0x8e ./Core/Src/main.o
 .debug_macro   0x0000000000001021       0x51 ./Core/Src/main.o
 .debug_macro   0x0000000000001072      0x103 ./Core/Src/main.o
 .debug_macro   0x0000000000001175       0x6a ./Core/Src/main.o
 .debug_macro   0x00000000000011df      0x1df ./Core/Src/main.o
 .debug_macro   0x00000000000013be       0x1c ./Core/Src/main.o
 .debug_macro   0x00000000000013da       0x22 ./Core/Src/main.o
 .debug_macro   0x00000000000013fc       0xfb ./Core/Src/main.o
 .debug_macro   0x00000000000014f7     0x1011 ./Core/Src/main.o
 .debug_macro   0x0000000000002508      0x11f ./Core/Src/main.o
 .debug_macro   0x0000000000002627    0x1a17a ./Core/Src/main.o
 .debug_macro   0x000000000001c7a1       0x6d ./Core/Src/main.o
 .debug_macro   0x000000000001c80e     0x38e6 ./Core/Src/main.o
 .debug_macro   0x00000000000200f4      0x174 ./Core/Src/main.o
 .debug_macro   0x0000000000020268       0x5c ./Core/Src/main.o
 .debug_macro   0x00000000000202c4     0x159e ./Core/Src/main.o
 .debug_macro   0x0000000000021862      0x5a5 ./Core/Src/main.o
 .debug_macro   0x0000000000021e07      0x1b9 ./Core/Src/main.o
 .debug_macro   0x0000000000021fc0      0x18b ./Core/Src/main.o
 .debug_macro   0x000000000002214b      0x26b ./Core/Src/main.o
 .debug_macro   0x00000000000223b6      0x23d ./Core/Src/main.o
 .debug_macro   0x00000000000225f3      0x241 ./Core/Src/main.o
 .debug_macro   0x0000000000022834      0x37c ./Core/Src/main.o
 .debug_macro   0x0000000000022bb0       0xd6 ./Core/Src/main.o
 .debug_macro   0x0000000000022c86      0x122 ./Core/Src/main.o
 .debug_macro   0x0000000000022da8      0x3ef ./Core/Src/main.o
 .debug_macro   0x0000000000023197      0x5cf ./Core/Src/main.o
 .debug_macro   0x0000000000023766       0x44 ./Core/Src/main.o
 .debug_macro   0x00000000000237aa      0x330 ./Core/Src/main.o
 .debug_macro   0x0000000000023ada       0x58 ./Core/Src/main.o
 .debug_macro   0x0000000000023b32       0x61 ./Core/Src/main.o
 .debug_macro   0x0000000000023b93       0x2a ./Core/Src/main.o
 .debug_macro   0x0000000000023bbd       0x43 ./Core/Src/main.o
 .debug_macro   0x0000000000023c00       0x34 ./Core/Src/main.o
 .debug_macro   0x0000000000023c34       0x16 ./Core/Src/main.o
 .debug_macro   0x0000000000023c4a       0x35 ./Core/Src/main.o
 .debug_macro   0x0000000000023c7f      0x369 ./Core/Src/main.o
 .debug_macro   0x0000000000023fe8       0x10 ./Core/Src/main.o
 .debug_macro   0x0000000000023ff8       0x16 ./Core/Src/main.o
 .debug_macro   0x000000000002400e       0x43 ./Core/Src/main.o
 .debug_macro   0x0000000000024051       0x34 ./Core/Src/main.o
 .debug_macro   0x0000000000024085       0x10 ./Core/Src/main.o
 .debug_macro   0x0000000000024095       0x58 ./Core/Src/main.o
 .debug_macro   0x00000000000240ed       0x8e ./Core/Src/main.o
 .debug_macro   0x000000000002417b       0x1c ./Core/Src/main.o
 .debug_macro   0x0000000000024197      0x177 ./Core/Src/main.o
 .debug_macro   0x000000000002430e       0x16 ./Core/Src/main.o
 .debug_macro   0x0000000000024324       0x16 ./Core/Src/main.o
 .debug_macro   0x000000000002433a      0x147 ./Core/Src/main.o
 .debug_macro   0x0000000000024481       0x10 ./Core/Src/main.o
 .debug_macro   0x0000000000024491      0x1bb ./Core/Src/stm32l4xx_hal_msp.o
 .debug_macro   0x000000000002464c      0x1c5 ./Core/Src/stm32l4xx_it.o
 .debug_macro   0x0000000000024811       0xff ./Core/Src/sysmem.o
 .debug_macro   0x0000000000024910      0x23c ./Core/Src/sysmem.o
 .debug_macro   0x0000000000024b4c      0x1ac ./Core/Src/system_stm32l4xx.o
 .debug_macro   0x0000000000024cf8      0x1fa ./Drivers/STM32L4xx_HAL_Driver/Src/stm32l4xx_hal.o
 .debug_macro   0x0000000000024ef2      0x1ac ./Drivers/STM32L4xx_HAL_Driver/Src/stm32l4xx_hal_cortex.o

.debug_line     0x0000000000000000     0x3ea3
 .debug_line    0x0000000000000000      0xc7d ./Core/Src/main.o
 .debug_line    0x0000000000000c7d      0x70b ./Core/Src/stm32l4xx_hal_msp.o
 .debug_line    0x0000000000001388      0x76e ./Core/Src/stm32l4xx_it.o
 .debug_line    0x0000000000001af6      0x512 ./Core/Src/sysmem.o
 .debug_line    0x0000000000002008      0x743 ./Core/Src/system_stm32l4xx.o
 .debug_line    0x000000000000274b       0x7a ./Core/Startup/startup_stm32l476rgtx.o
 .debug_line    0x00000000000027c5      0xa9c ./Drivers/STM32L4xx_HAL_Driver/Src/stm32l4xx_hal.o
 .debug_line    0x0000000000003261      0xc42 ./Drivers/STM32L4xx_HAL_Driver/Src/stm32l4xx_hal_cortex.o

.debug_str      0x0000000000000000    0xe616e
 .debug_str     0x0000000000000000    0xe49e5 ./Core/Src/main.o
                                      0xe4d4c (size before relaxing)
 .debug_str     0x00000000000e49e5      0x6e8 ./Core/Src/stm32l4xx_hal_msp.o
                                      0xe1536 (size before relaxing)
 .debug_str     0x00000000000e50cd       0xc9 ./Core/Src/stm32l4xx_it.o
                                      0xe0c98 (size before relaxing)
 .debug_str     0x00000000000e5196      0x4dc ./Core/Src/sysmem.o
                                       0x6067 (size before relaxing)
 .debug_str     0x00000000000e5672       0xf2 ./Core/Src/system_stm32l4xx.o
                                      0xe0d00 (size before relaxing)
 .debug_str     0x00000000000e5764       0x34 ./Core/Startup/startup_stm32l476rgtx.o
                                         0x79 (size before relaxing)
 .debug_str     0x00000000000e5798      0x6a9 ./Drivers/STM32L4xx_HAL_Driver/Src/stm32l4xx_hal.o
                                      0xe18ff (size before relaxing)
 .debug_str     0x00000000000e5e41      0x32d ./Drivers/STM32L4xx_HAL_Driver/Src/stm32l4xx_hal_cortex.o
                                      0xe1547 (size before relaxing)

.debug_frame    0x0000000000000000     0x13d0
 .debug_frame   0x0000000000000000      0x318 ./Core/Src/main.o
 .debug_frame   0x0000000000000318       0x84 ./Core/Src/stm32l4xx_hal_msp.o
 .debug_frame   0x000000000000039c      0x104 ./Core/Src/stm32l4xx_it.o
 .debug_frame   0x00000000000004a0       0x34 ./Core/Src/sysmem.o
 .debug_frame   0x00000000000004d4       0x58 ./Core/Src/system_stm32l4xx.o
 .debug_frame   0x000000000000052c      0x498 ./Drivers/STM32L4xx_HAL_Driver/Src/stm32l4xx_hal.o
 .debug_frame   0x00000000000009c4      0x498 ./Drivers/STM32L4xx_HAL_Driver/Src/stm32l4xx_hal_cortex.o
 .debug_frame   0x0000000000000e5c       0x7c /Applications/STM32CubeIDE.app/Contents/Eclipse/plugins/com.st.stm32cube.ide.mcu.externaltools.gnu-tools-for-stm32.11.3.rel1.macos64_1.1.1.202309131626/tools/bin/../lib/gcc/arm-none-eabi/11.3.1/../../../../arm-none-eabi/lib/thumb/v7e-m+fp/hard/libc_nano.a(libc_a-snprintf.o)
 .debug_frame   0x0000000000000ed8      0x144 /Applications/STM32CubeIDE.app/Contents/Eclipse/plugins/com.st.stm32cube.ide.mcu.externaltools.gnu-tools-for-stm32.11.3.rel1.macos64_1.1.1.202309131626/tools/bin/../lib/gcc/arm-none-eabi/11.3.1/../../../../arm-none-eabi/lib/thumb/v7e-m+fp/hard/libc_nano.a(libc_a-findfp.o)
 .debug_frame   0x000000000000101c       0x20 /Applications/STM32CubeIDE.app/Contents/Eclipse/plugins/com.st.stm32cube.ide.mcu.externaltools.gnu-tools-for-stm32.11.3.rel1.macos64_1.1.1.202309131626/tools/bin/../lib/gcc/arm-none-eabi/11.3.1/../../../../arm-none-eabi/lib/thumb/v7e-m+fp/hard/libc_nano.a(libc_a-errno.o)
 .debug_frame   0x000000000000103c       0x2c /Applications/STM32CubeIDE.app/Contents/Eclipse/plugins/com.st.stm32cube.ide.mcu.externaltools.gnu-tools-for-stm32.11.3.rel1.macos64_1.1.1.202309131626/tools/bin/../lib/gcc/arm-none-eabi/11.3.1/../../../../arm-none-eabi/lib/thumb/v7e-m+fp/hard/libc_nano.a(libc_a-init.o)
 .debug_frame   0x0000000000001068       0xb0 /Applications/STM32CubeIDE.app/Contents/Eclipse/plugins/com.st.stm32cube.ide.mcu.externaltools.gnu-tools-for-stm32.11.3.rel1.macos64_1.1.1.202309131626/tools/bin/../lib/gcc/arm-none-eabi/11.3.1/../../../../arm-none-eabi/lib/thumb/v7e-m+fp/hard/libc_nano.a(libc_a-lock.o)
 .debug_frame   0x0000000000001118       0x90 /Applications/STM32CubeIDE.app/Contents/Eclipse/plugins/com.st.stm32cube.ide.mcu.externaltools.gnu-tools-for-stm32.11.3.rel1.macos64_1.1.1.202309131626/tools/bin/../lib/gcc/arm-none-eabi/11.3.1/../../../../arm-none-eabi/lib/thumb/v7e-m+fp/hard/libc_nano.a(libc_a-nano-svfprintf.o)
 .debug_frame   0x00000000000011a8       0x50 /Applications/STM32CubeIDE.app/Contents/Eclipse/plugins/com.st.stm32cube.ide.mcu.externaltools.gnu-tools-for-stm32.11.3.rel1.macos64_1.1.1.202309131626/tools/bin/../lib/gcc/arm-none-eabi/11.3.1/../../../../arm-none-eabi/lib/thumb/v7e-m+fp/hard/libc_nano.a(libc_a-mallocr.o)
 .debug_frame   0x00000000000011f8       0x60 /Applications/STM32CubeIDE.app/Contents/Eclipse/plugins/com.st.stm32cube.ide.mcu.externaltools.gnu-tools-for-stm32.11.3.rel1.macos64_1.1.1.202309131626/tools/bin/../lib/gcc/arm-none-eabi/11.3.1/../../../../arm-none-eabi/lib/thumb/v7e-m+fp/hard/libc_nano.a(libc_a-nano-vfprintf_i.o)
 .debug_frame   0x0000000000001258       0x30 /Applications/STM32CubeIDE.app/Contents/Eclipse/plugins/com.st.stm32cube.ide.mcu.externaltools.gnu-tools-for-stm32.11.3.rel1.macos64_1.1.1.202309131626/tools/bin/../lib/gcc/arm-none-eabi/11.3.1/../../../../arm-none-eabi/lib/thumb/v7e-m+fp/hard/libc_nano.a(libc_a-mlock.o)
 .debug_frame   0x0000000000001288       0x3c /Applications/STM32CubeIDE.app/Contents/Eclipse/plugins/com.st.stm32cube.ide.mcu.externaltools.gnu-tools-for-stm32.11.3.rel1.macos64_1.1.1.202309131626/tools/bin/../lib/gcc/arm-none-eabi/11.3.1/../../../../arm-none-eabi/lib/thumb/v7e-m+fp/hard/libc_nano.a(libc_a-reallocr.o)
 .debug_frame   0x00000000000012c4       0x28 /Applications/STM32CubeIDE.app/Contents/Eclipse/plugins/com.st.stm32cube.ide.mcu.externaltools.gnu-tools-for-stm32.11.3.rel1.macos64_1.1.1.202309131626/tools/bin/../lib/gcc/arm-none-eabi/11.3.1/../../../../arm-none-eabi/lib/thumb/v7e-m+fp/hard/libc_nano.a(libc_a-memmove.o)
 .debug_frame   0x00000000000012ec       0x38 /Applications/STM32CubeIDE.app/Contents/Eclipse/plugins/com.st.stm32cube.ide.mcu.externaltools.gnu-tools-for-stm32.11.3.rel1.macos64_1.1.1.202309131626/tools/bin/../lib/gcc/arm-none-eabi/11.3.1/../../../../arm-none-eabi/lib/thumb/v7e-m+fp/hard/libc_nano.a(libc_a-reent.o)
 .debug_frame   0x0000000000001324       0x2c /Applications/STM32CubeIDE.app/Contents/Eclipse/plugins/com.st.stm32cube.ide.mcu.externaltools.gnu-tools-for-stm32.11.3.rel1.macos64_1.1.1.202309131626/tools/bin/../lib/gcc/arm-none-eabi/11.3.1/../../../../arm-none-eabi/lib/thumb/v7e-m+fp/hard/libc_nano.a(libc_a-sbrkr.o)
 .debug_frame   0x0000000000001350       0x28 /Applications/STM32CubeIDE.app/Contents/Eclipse/plugins/com.st.stm32cube.ide.mcu.externaltools.gnu-tools-for-stm32.11.3.rel1.macos64_1.1.1.202309131626/tools/bin/../lib/gcc/arm-none-eabi/11.3.1/../../../../arm-none-eabi/lib/thumb/v7e-m+fp/hard/libc_nano.a(libc_a-memcpy-stub.o)
 .debug_frame   0x0000000000001378       0x38 /Applications/STM32CubeIDE.app/Contents/Eclipse/plugins/com.st.stm32cube.ide.mcu.externaltools.gnu-tools-for-stm32.11.3.rel1.macos64_1.1.1.202309131626/tools/bin/../lib/gcc/arm-none-eabi/11.3.1/../../../../arm-none-eabi/lib/thumb/v7e-m+fp/hard/libc_nano.a(libc_a-freer.o)
 .debug_frame   0x00000000000013b0       0x20 /Applications/STM32CubeIDE.app/Contents/Eclipse/plugins/com.st.stm32cube.ide.mcu.externaltools.gnu-tools-for-stm32.11.3.rel1.macos64_1.1.1.202309131626/tools/bin/../lib/gcc/arm-none-eabi/11.3.1/../../../../arm-none-eabi/lib/thumb/v7e-m+fp/hard/libc_nano.a(libc_a-msizer.o)

.debug_line_str
                0x0000000000000000       0x6d
 .debug_line_str
                0x0000000000000000       0x6d ./Core/Startup/startup_stm32l476rgtx.o
                                         0x85 (size before relaxing)
