../Core/Src/uart.h:20:6:USART_init	8	static,ignoring_inline_asm
../Core/Src/uart.h:59:6:USART_Print	24	static
../Core/Src/uart.h:69:6:USART_Escape_Code	16	static
../Core/Src/uart.h:78:6:USART2_IRQHandler	4	static
../Core/Src/main.c:57:5:main	32	static
../Core/Src/main.c:122:6:USART_print_int	32	static
../Core/Src/main.c:130:6:int_to_str	16	static
../Core/Src/main.c:136:6:set_PA9_LED	16	static
../Core/Src/main.c:145:6:set_PA8_LED	16	static
../Core/Src/main.c:154:6:PA9_LED_init	4	static
../Core/Src/main.c:168:6:PA8_LED_init	4	static
../Core/Src/main.c:182:9:is_touched	16	static
../Core/Src/main.c:190:9:get_point	40	static,ignoring_inline_asm
../Core/Src/main.c:217:10:read_coordinate	24	static
../Core/Src/main.c:253:10:TSC_conversion	24	static
../Core/Src/main.c:290:9:read_byte	24	static
../Core/Src/main.c:306:6:write_byte	16	static
../Core/Src/main.c:313:6:EXTI0_IRQHandler	4	static
../Core/Src/main.c:327:6:TSC_EXTI_interrupt_init	8	static,ignoring_inline_asm
../Core/Src/main.c:367:6:enable_NVIC_interrupt	16	static
../Core/Src/main.c:373:6:disable_NVIC_interrupt	16	static
../Core/Src/main.c:379:6:TSC_init	8	static
