../Core/Src/uart.h:20:6:USART_init	1
../Core/Src/uart.h:59:6:USART_Print	3
../Core/Src/uart.h:69:6:USART_Escape_Code	2
../Core/Src/uart.h:78:6:USART2_IRQHandler	2
../Core/Src/main.c:57:5:main	2
../Core/Src/main.c:122:6:USART_print_int	1
../Core/Src/main.c:130:6:int_to_str	1
../Core/Src/main.c:136:6:set_PA9_LED	2
../Core/Src/main.c:145:6:set_PA8_LED	2
../Core/Src/main.c:154:6:PA9_LED_init	1
../Core/Src/main.c:168:6:PA8_LED_init	1
../Core/Src/main.c:182:9:is_touched	3
../Core/Src/main.c:190:9:get_point	1
../Core/Src/main.c:217:10:read_coordinate	1
../Core/Src/main.c:253:10:TSC_conversion	1
../Core/Src/main.c:290:9:read_byte	3
../Core/Src/main.c:306:6:write_byte	2
../Core/Src/main.c:313:6:EXTI0_IRQHandler	2
../Core/Src/main.c:327:6:TSC_EXTI_interrupt_init	1
../Core/Src/main.c:367:6:enable_NVIC_interrupt	1
../Core/Src/main.c:373:6:disable_NVIC_interrupt	1
../Core/Src/main.c:379:6:TSC_init	1
